// Jest Snapshot v1, https://goo.gl/fbAQLP

exports[`Home  renders homepage unchanged 1`] = `
<div>
  <div
    class="container"
  >
    Pomodoro
    <form
      name="taskFormCreate"
      role="form"
    >
      <input
        id="title"
        name="title"
        placeholder="Add a new task"
        type="text"
        value=""
      />
      <button
        type="submit"
      >
        Add task
      </button>
    </form>
    <ul />
  </div>
</div>
`;
